edu/aast/cndc/dhcpparser/iscdhcpParser$ConfigContext.class
models/IncludesModel.class
edu/aast/cndc/dhcpparser/iscdhcpParser$KeyBlockDirectiveContext.class
edu/aast/cndc/dhcpparser/iscdhcpParser$DDNSDomainNameDirectiveContext.class
edu/aast/cndc/dhcpparser/iscdhcpParser$ConfblockContext.class
Exceptions/DDNSOptionNotExistException.class
edu/aast/cndc/dhcpparser/iscdhcpParser$FilenameDirectiveContext.class
edu/aast/cndc/dhcpparser/iscdhcpParser$HostBlockDirectiveContext.class
edu/aast/cndc/dhcpparser/iscdhcpListener.class
Exceptions/DirectiveExistException.class
models/SharedNetwork.class
edu/aast/cndc/dhcpparser/iscdhcpParser$MaxLeaseTimeDirectiveContext.class
edu/aast/cndc/dhcpparser/iscdhcpParser$LogFacilityDirectiveContext.class
edu/aast/cndc/dhcpparser/iscdhcpParser$CommonconflineContext.class
edu/aast/cndc/dhcpparser/iscdhcpParser$HardwareEthernetDirectiveContext.class
edu/aast/cndc/dhcpparser/iscdhcpParser$OptionHostNameDirectiveContext.class
edu/aast/cndc/dhcpparser/iscdhcpVisitor.class
edu/aast/cndc/dhcpparser/iscdhcpParser$DefaultLeaseTimeDirectiveContext.class
edu/aast/cndc/dhcpparser/iscdhcpParser$ZoneBlockDirectiveContext.class
Exceptions/DDNSOptionExistException.class
models/ZoneModel.class
edu/aast/cndc/dhcpparser/iscdhcpParser$OptionRoutersDirectiveContext.class
models/DNSUpdateKeyModel.class
edu/aast/cndc/dhcpparser/iscdhcpParser$DDNSUpdateStyleDirectiveContext.class
edu/aast/cndc/dhcpparser/iscdhcpParser$SharednetblockContext.class
edu/aast/cndc/dhcpparser/iscdhcpParser$SubnetblockbodyContext.class
listeners/DHCPFilerLoader.class
Exceptions/DirectiveNotExistException.class
Exceptions/HostNameExistException.class
edu/aast/cndc/dhcpparser/iscdhcpBaseVisitor.class
edu/aast/cndc/dhcpparser/iscdhcpParser$OptionDomainNameDirectiveContext.class
Exceptions/SubnetExistException.class
models/ZonesModel.class
edu/aast/cndc/dhcpparser/iscdhcpParser$DDNSUpdatesDirectiveContext.class
Exceptions/OptionExistException.class
models/SubnetBlocksModel.class
edu/aast/cndc/dhcpparser/iscdhcpParser$DDNSHostNameDirectiveContext.class
edu/aast/cndc/dhcpparser/iscdhcpParser$NextServerDirectiveContext.class
Exceptions/IncludeFileNotExistException.class
Exceptions/ZoneExistException.class
models/DHCPConfig.class
edu/aast/cndc/dhcpparser/iscdhcpParser$OptionDomainNameServersDirectiveContext.class
edu/aast/cndc/dhcpparser/iscdhcpParser$AuthoritativeDirectiveContext.class
models/DDNSOptionsModel.class
edu/aast/cndc/dhcpparser/iscdhcpParser$DDNSRevDomainNameDirectiveContext.class
Exceptions/OptionNotExistException.class
utils/FindItem.class
edu/aast/cndc/dhcpparser/iscdhcpParser$KeyblockContext.class
edu/aast/cndc/dhcpparser/iscdhcpParser$CommonConfLineInHostblockContext.class
models/DirectivesModel.class
edu/aast/cndc/dhcpparser/iscdhcpLexer.class
edu/aast/cndc/dhcpparser/iscdhcpParser$OptionSubnetMaskDirectiveContext.class
Exceptions/IncludeFileExistException.class
edu/aast/cndc/dhcpparser/iscdhcpParser$ZoneblockContext.class
utils/IGetName.class
edu/aast/cndc/dhcpparser/iscdhcpParser$SubnetblockContext.class
edu/aast/cndc/dhcpparser/iscdhcpParser$SubnetBlockDirectiveContext.class
Exceptions/ZoneNotExistException.class
models/OptionsModel.class
edu/aast/cndc/dhcpparser/iscdhcpParser.class
edu/aast/cndc/dhcpparser/iscdhcpBaseListener.class
edu/aast/cndc/dhcpparser/iscdhcpParser$DHCPConfigContext.class
edu/aast/cndc/dhcpparser/iscdhcpParser$OptionDomainSearchDirectiveContext.class
models/HostBasicInfoModel.class
models/SubnetBlockModel.class
edu/aast/cndc/dhcpparser/iscdhcpParser$ServerconflineContext.class
edu/aast/cndc/dhcpparser/iscdhcpParser$CommonConfLineInSubnetblockContext.class
Exceptions/HostNameNotFoundException.class
configuration/DHCPConfigurationParser.class
edu/aast/cndc/dhcpparser/iscdhcpParser$FixedAddressDirectiveContext.class
edu/aast/cndc/dhcpparser/iscdhcpParser$IncludeDirectiveContext.class
edu/aast/cndc/dhcpparser/iscdhcpParser$RangeDirectiveContext.class
edu/aast/cndc/dhcpparser/iscdhcpParser$AllowBootingDirectiveContext.class
models/HostBlocksModel.class
edu/aast/cndc/dhcpparser/iscdhcpParser$HostblockContext.class
edu/aast/cndc/dhcpparser/iscdhcpParser$SharedNetBlockDirectiveContext.class
Exceptions/SubnetNotExistException.class
edu/aast/cndc/dhcpparser/iscdhcpParser$Hostblockbody1Context.class
edu/aast/cndc/dhcpparser/iscdhcpParser$UpdateStaticLeasesDirectiveContext.class
